[IP Resolver] Resolved public WAN Address: 174.97.155.112
[UPnP] Requesting router port forwarding rules...
[UPnP] Success! Router port forward mapping completed successfully.
Using cached Java 25 runtime.
Starting net.minecraft.server.Main
WARNING: A restricted method in java.lang.System has been called
WARNING: 
java.lang.System::load has been called by com.sun.jna.Native in an unnamed module (file:/C:/Users/Cody/GameVault/local-servers/cmr0p40ye0001lqfh7i0q72j0/libraries/net/java/dev/jna/jna/5.17.0/jna-5.17.0.jar)
WARNING: Use --enable-native-access=ALL-UNNAMED to avoid a warning for callers in this module
WARNING: Restricted methods will be blocked in a future release unless native access is enabled

WARNING: A terminally deprecated method in sun.misc.Unsafe has been called
WARNING: sun.misc.Unsafe::objectFieldOffset has been called by org.joml.MemUtil$MemUtilUnsafe (file:/C:/Users/Cody/GameVault/local-servers/cmr0p40ye0001lqfh7i0q72j0/libraries/org/joml/joml/1.10.8/joml-1.10.8.jar)
WARNING: Please consider reporting this to the maintainers of class org.joml.MemUtil$MemUtilUnsafe
WARNING: sun.misc.Unsafe::objectFieldOffset will be removed in a future release
[08:52:58] [ServerMain/INFO]: Environment: Environment[sessionHost=https://sessionserver.mojang.com, servicesHost=https://api.minecraftservices.com, profilesHost=https://api.mojang.com, name=PROD]
[08:52:59] [ServerMain/INFO]: Loaded 1585 recipes
[08:52:59] [ServerMain/INFO]: Loaded 1688 advancements
[08:52:59] [Server thread/INFO]: Starting minecraft server version 26.2
[08:52:59] [Server thread/INFO]: Loading properties
[08:52:59] [Server thread/INFO]: Default game type: SURVIVAL
[08:52:59] [Server thread/INFO]: Generating keypair
[08:52:59] [Server thread/INFO]: Starting Minecraft server on *:25565
[08:53:00] [Server thread/WARN]: **** SERVER IS RUNNING IN OFFLINE/INSECURE MODE!
[08:53:00] [Server thread/WARN]: The server will make no attempt to authenticate usernames. Beware.
[08:53:00] [Server thread/WARN]: While this makes the game possible to play without internet access, it also opens up the ability for hackers to connect with any username they choose.
[08:53:00] [Server thread/WARN]: To change this, set "online-mode" to "true" in the server.properties file.
[08:53:00] [Server thread/INFO]: Preparing level "world"
[08:53:00] [Server thread/INFO]: Loading 0 persistent chunks...
[08:53:00] [Server thread/INFO]: Preparing spawn area: 100%
[08:53:00] [Server thread/INFO]: Time elapsed: 13 ms
[08:53:00] [Server thread/INFO]: Done (0.261s)! For help, type "help"
[08:53:00] [Server thread/INFO]: Saving chunks for level 'ServerLevel[world]'/minecraft:overworld
[08:53:00] [Server thread/INFO]: Saving chunks for level 'ServerLevel[world]'/minecraft:the_end
[08:53:00] [Server thread/INFO]: Saving chunks for level 'ServerLevel[world]'/minecraft:the_nether
[08:53:00] [Server thread/INFO]: ThreadedAnvilChunkStorage (world): All chunks are saved
[08:53:00] [Server thread/INFO]: ThreadedAnvilChunkStorage (DIM1): All chunks are saved
[08:53:00] [Server thread/INFO]: ThreadedAnvilChunkStorage (DIM-1): All chunks are saved
[08:53:00] [Server thread/INFO]: ThreadedAnvilChunkStorage: All dimensions are saved
[Readiness Check] Server is ready (TCP Port 25565 is accepting connections)
[08:54:00] [Server thread/INFO]: Server empty for 60 seconds, pausing
[UPnP] Releasing router port mappings...
Termination request received. Terminating process tree...
[09:04:07] [Server thread/INFO]: Stopping the server
[09:04:07] [Server thread/INFO]: Stopping server
[09:04:07] [Server thread/INFO]: Saving players
[09:04:07] [Server thread/INFO]: Saving worlds
[09:04:07] [Server thread/INFO]: Saving chunks for level 'ServerLevel[world]'/minecraft:overworld
[09:04:07] [Server thread/INFO]: Saving chunks for level 'ServerLevel[world]'/minecraft:the_end
[09:04:07] [Server thread/INFO]: Saving chunks for level 'ServerLevel[world]'/minecraft:the_nether
[09:04:08] [Server thread/INFO]: ThreadedAnvilChunkStorage (world): All chunks are saved
[09:04:08] [Server thread/INFO]: ThreadedAnvilChunkStorage (DIM1): All chunks are saved
[09:04:08] [Server thread/INFO]: ThreadedAnvilChunkStorage (DIM-1): All chunks are saved
[09:04:08] [Server thread/INFO]: ThreadedAnvilChunkStorage: All dimensions are saved
Process exited with code 0 and signal null
