[08:52:58] [ServerMain/INFO]: Environment: Environment[sessionHost=https://sessionserver.mojang.com, servicesHost=https://api.minecraftservices.com, profilesHost=https://api.mojang.com, name=PROD]
[08:52:59] [ServerMain/INFO]: Loaded 1585 recipes
[08:52:59] [ServerMain/INFO]: Loaded 1688 advancements
[08:52:59] [Server thread/INFO]: Starting minecraft server version 26.2
[08:52:59] [Server thread/INFO]: Loading properties
[08:52:59] [Server thread/INFO]: Default game type: SURVIVAL
[08:52:59] [Server thread/INFO]: Generating keypair
[08:52:59] [Server thread/INFO]: Starting Minecraft server on *:25565
[08:53:00] [Server thread/WARN]: **** SERVER IS RUNNING IN OFFLINE/INSECURE MODE!
[08:53:00] [Server thread/WARN]: The server will make no attempt to authenticate usernames. Beware.
[08:53:00] [Server thread/WARN]: While this makes the game possible to play without internet access, it also opens up the ability for hackers to connect with any username they choose.
[08:53:00] [Server thread/WARN]: To change this, set "online-mode" to "true" in the server.properties file.
[08:53:00] [Server thread/INFO]: Preparing level "world"
[08:53:00] [Server thread/INFO]: Loading 0 persistent chunks...
[08:53:00] [Server thread/INFO]: Preparing spawn area: 100%
[08:53:00] [Server thread/INFO]: Time elapsed: 13 ms
[08:53:00] [Server thread/INFO]: Done (0.261s)! For help, type "help"
[08:53:00] [Server thread/INFO]: Saving chunks for level 'ServerLevel[world]'/minecraft:overworld
[08:53:00] [Server thread/INFO]: Saving chunks for level 'ServerLevel[world]'/minecraft:the_end
[08:53:00] [Server thread/INFO]: Saving chunks for level 'ServerLevel[world]'/minecraft:the_nether
[08:53:00] [Server thread/INFO]: ThreadedAnvilChunkStorage (world): All chunks are saved
[08:53:00] [Server thread/INFO]: ThreadedAnvilChunkStorage (DIM1): All chunks are saved
[08:53:00] [Server thread/INFO]: ThreadedAnvilChunkStorage (DIM-1): All chunks are saved
[08:53:00] [Server thread/INFO]: ThreadedAnvilChunkStorage: All dimensions are saved
[08:54:00] [Server thread/INFO]: Server empty for 60 seconds, pausing
[09:04:07] [Server thread/INFO]: Stopping the server
[09:04:07] [Server thread/INFO]: Stopping server
[09:04:07] [Server thread/INFO]: Saving players
[09:04:07] [Server thread/INFO]: Saving worlds
[09:04:07] [Server thread/INFO]: Saving chunks for level 'ServerLevel[world]'/minecraft:overworld
[09:04:07] [Server thread/INFO]: Saving chunks for level 'ServerLevel[world]'/minecraft:the_end
[09:04:07] [Server thread/INFO]: Saving chunks for level 'ServerLevel[world]'/minecraft:the_nether
[09:04:08] [Server thread/INFO]: ThreadedAnvilChunkStorage (world): All chunks are saved
[09:04:08] [Server thread/INFO]: ThreadedAnvilChunkStorage (DIM1): All chunks are saved
[09:04:08] [Server thread/INFO]: ThreadedAnvilChunkStorage (DIM-1): All chunks are saved
[09:04:08] [Server thread/INFO]: ThreadedAnvilChunkStorage: All dimensions are saved
